\BOOKMARK [0][-]{chapter.1}{\376\377\000T\000h\000e\000\040\000A\000r\000a\000b\000i\000c\000\040\000P\000o\000e\000t\000r\000y\000\040\000L\000a\000n\000d\000s\000c\000a\000p\000e}{}% 1
\BOOKMARK [1][-]{section.1.1}{\376\377\000F\000o\000u\000r\000t\000e\000e\000n\000\040\000C\000e\000n\000t\000u\000r\000i\000e\000s\000\040\000o\000f\000\040\000a\000n\000\040\000O\000r\000a\000l\000\040\000A\000r\000t}{chapter.1}% 2
\BOOKMARK [1][-]{section.1.2}{\376\377\000T\000h\000r\000e\000e\000\040\000M\000a\000j\000o\000r\000\040\000T\000r\000a\000d\000i\000t\000i\000o\000n\000s}{chapter.1}% 3
\BOOKMARK [1][-]{section.1.3}{\376\377\000A\000\040\000N\000o\000t\000e\000\040\000o\000n\000\040\000P\000r\000o\000s\000o\000d\000i\000c\000\040\000S\000y\000s\000t\000e\000m\000s}{chapter.1}% 4
\BOOKMARK [1][-]{section.1.4}{\376\377\000G\000e\000o\000g\000r\000a\000p\000h\000i\000c\000\040\000a\000n\000d\000\040\000R\000e\000g\000i\000o\000n\000a\000l\000\040\000V\000a\000r\000i\000a\000t\000i\000o\000n}{chapter.1}% 5
\BOOKMARK [1][-]{section.1.5}{\376\377\000W\000h\000a\000t\000\040\000T\000h\000i\000s\000\040\000D\000o\000c\000u\000m\000e\000n\000t\000\040\000C\000o\000v\000e\000r\000s}{chapter.1}% 6
\BOOKMARK [0][-]{chapter.2}{\376\377\000C\000l\000a\000s\000s\000i\000c\000a\000l\000\040\000A\000r\000a\000b\000i\000c\000\040\000P\000o\000e\000t\000r\000y}{}% 7
\BOOKMARK [1][-]{section.2.1}{\376\377\000F\000o\000u\000n\000d\000a\000t\000i\000o\000n\000s\000\040\000o\000f\000\040\000A\000r\000a\000b\000i\000c\000\040\000P\000r\000o\000s\000o\000d\000y\000\040\000\050\000\051}{chapter.2}% 8
\BOOKMARK [2][-]{subsection.2.1.1}{\376\377\000T\000h\000e\000\040\000T\000h\000r\000e\000e\000\040\000P\000r\000o\000s\000o\000d\000i\000c\000\040\000B\000u\000i\000l\000d\000i\000n\000g\000\040\000B\000l\000o\000c\000k\000s}{section.2.1}% 9
\BOOKMARK [2][-]{subsection.2.1.2}{\376\377\000T\000h\000e\000\040\000E\000i\000g\000h\000t\000\040\000T\000a\000f\000e\000e\000l\000a\000t}{section.2.1}% 10
\BOOKMARK [2][-]{subsection.2.1.3}{\376\377\000T\000h\000e\000\040\000F\000i\000v\000e\000\040\000P\000r\000o\000s\000o\000d\000i\000c\000\040\000C\000i\000r\000c\000l\000e\000s}{section.2.1}% 11
\BOOKMARK [1][-]{section.2.2}{\376\377\000T\000h\000e\000\040\000S\000i\000x\000t\000e\000e\000n\000\040\000K\000h\000a\000l\000i\000l\000i\000a\000n\000\040\000M\000e\000t\000e\000r\000s}{chapter.2}% 12
\BOOKMARK [2][-]{subsection.2.2.1}{\376\377\000\040\040\024\000\040\000B\000a\000h\000r\000\040\000a\000l\000-\000T\000a\000w\000e\000e\000l\000\040\000\050\000`\000`\000T\000h\000e\000\040\000L\000o\000n\000g\000'\000'\000\051}{section.2.2}% 13
\BOOKMARK [2][-]{subsection.2.2.2}{\376\377\000\040\040\024\000\040\000B\000a\000h\000r\000\040\000a\000l\000-\000B\000a\000s\000e\000e\000t\000\040\000\050\000`\000`\000T\000h\000e\000\040\000S\000i\000m\000p\000l\000e\000'\000'\000\051}{section.2.2}% 14
\BOOKMARK [2][-]{subsection.2.2.3}{\376\377\000\040\040\024\000\040\000B\000a\000h\000r\000\040\000a\000l\000-\000K\000a\000m\000e\000l\000\040\000\050\000`\000`\000T\000h\000e\000\040\000C\000o\000m\000p\000l\000e\000t\000e\000'\000'\000\051}{section.2.2}% 15
\BOOKMARK [2][-]{subsection.2.2.4}{\376\377\000\040\040\024\000\040\000B\000a\000h\000r\000\040\000a\000l\000-\000W\000a\000f\000i\000r\000\040\000\050\000`\000`\000T\000h\000e\000\040\000A\000b\000u\000n\000d\000a\000n\000t\000'\000'\000\051}{section.2.2}% 16
\BOOKMARK [2][-]{subsection.2.2.5}{\376\377\000\040\040\024\000\040\000B\000a\000h\000r\000\040\000a\000l\000-\000R\000a\000j\000a\000z\000\040\000\050\000`\000`\000T\000h\000e\000\040\000T\000r\000e\000m\000b\000l\000i\000n\000g\000'\000'\000\051}{section.2.2}% 17
\BOOKMARK [2][-]{subsection.2.2.6}{\376\377\000\040\040\024\000\040\000B\000a\000h\000r\000\040\000a\000l\000-\000R\000a\000m\000a\000l\000\040\000\050\000`\000`\000T\000h\000e\000\040\000S\000a\000n\000d\000'\000'\000\051}{section.2.2}% 18
\BOOKMARK [2][-]{subsection.2.2.7}{\376\377\000\040\040\024\000\040\000B\000a\000h\000r\000\040\000a\000l\000-\000H\000a\000z\000a\000j\000\040\000\050\000`\000`\000T\000h\000e\000\040\000B\000u\000z\000z\000i\000n\000g\000'\000'\000\051}{section.2.2}% 19
\BOOKMARK [2][-]{subsection.2.2.8}{\376\377\000\040\040\024\000\040\000B\000a\000h\000r\000\040\000a\000l\000-\000K\000h\000a\000f\000e\000e\000f\000\040\000\050\000`\000`\000T\000h\000e\000\040\000L\000i\000g\000h\000t\000'\000'\000\051}{section.2.2}% 20
\BOOKMARK [2][-]{subsection.2.2.9}{\376\377\000\040\040\024\000\040\000B\000a\000h\000r\000\040\000a\000l\000-\000S\000a\000r\000e\000e\000'\000\040\000\050\000`\000`\000T\000h\000e\000\040\000F\000a\000s\000t\000'\000'\000\051}{section.2.2}% 21
\BOOKMARK [2][-]{subsection.2.2.10}{\376\377\000\040\040\024\000\040\000B\000a\000h\000r\000\040\000a\000l\000-\000M\000u\000t\000a\000k\000a\000r\000e\000b\000\040\000\050\000`\000`\000T\000h\000e\000\040\000A\000p\000p\000r\000o\000a\000c\000h\000i\000n\000g\000'\000'\000\051}{section.2.2}% 22
\BOOKMARK [2][-]{subsection.2.2.11}{\376\377\000\040\040\024\000\040\000B\000a\000h\000r\000\040\000a\000l\000-\000M\000u\000t\000a\000d\000a\000r\000a\000k}{section.2.2}% 23
\BOOKMARK [1][-]{section.2.3}{\376\377\000T\000h\000e\000\040\000R\000h\000y\000m\000e\000\040\000S\000y\000s\000t\000e\000m\000\040\000\050\000\051}{chapter.2}% 24
\BOOKMARK [2][-]{subsection.2.3.1}{\376\377\000T\000h\000e\000\040\000F\000i\000v\000e\000\040\000R\000h\000y\000m\000e\000\040\000L\000e\000t\000t\000e\000r\000s}{section.2.3}% 25
\BOOKMARK [2][-]{subsection.2.3.2}{\376\377\000R\000h\000y\000m\000e\000\040\000V\000o\000w\000e\000l\000\040\000T\000y\000p\000e\000s\000\040\000\050\000\051}{section.2.3}% 26
\BOOKMARK [2][-]{subsection.2.3.3}{\376\377\000Q\000a\000f\000i\000y\000a\000\040\000D\000e\000f\000e\000c\000t\000s\000\040\000\050\000\051}{section.2.3}% 27
\BOOKMARK [2][-]{subsection.2.3.4}{\376\377\000Q\000a\000f\000i\000y\000a\000\040\000T\000y\000p\000e\000\040\000b\000y\000\040\000I\000n\000t\000e\000r\000-\000C\000o\000n\000s\000o\000n\000a\000n\000t\000\040\000V\000o\000w\000e\000l\000\040\000C\000o\000u\000n\000t}{section.2.3}% 28
\BOOKMARK [1][-]{section.2.4}{\376\377\000C\000l\000a\000s\000s\000i\000c\000a\000l\000\040\000Q\000a\000s\000i\000d\000a\000\040\000S\000t\000r\000u\000c\000t\000u\000r\000e\000\040\000\050\000\051}{chapter.2}% 29
\BOOKMARK [1][-]{section.2.5}{\376\377\000P\000o\000e\000t\000i\000c\000\040\000P\000u\000r\000p\000o\000s\000e\000s\000\040\000\050\000\051}{chapter.2}% 30
\BOOKMARK [2][-]{subsection.2.5.1}{\376\377\000\040\040\024\000\040\000P\000a\000n\000e\000g\000y\000r\000i\000c}{section.2.5}% 31
\BOOKMARK [2][-]{subsection.2.5.2}{\376\377\000\040\040\024\000\040\000S\000a\000t\000i\000r\000e\000/\000I\000n\000v\000e\000c\000t\000i\000v\000e}{section.2.5}% 32
\BOOKMARK [2][-]{subsection.2.5.3}{\376\377\000\040\040\024\000\040\000L\000o\000v\000e\000\040\000P\000o\000e\000t\000r\000y}{section.2.5}% 33
\BOOKMARK [2][-]{subsection.2.5.4}{\376\377\000\040\040\024\000\040\000E\000l\000e\000g\000y}{section.2.5}% 34
\BOOKMARK [2][-]{subsection.2.5.5}{\376\377\000\040\040\024\000\040\000B\000o\000a\000s\000t\000i\000n\000g\000/\000S\000e\000l\000f\000-\000G\000l\000o\000r\000i\000f\000i\000c\000a\000t\000i\000o\000n}{section.2.5}% 35
\BOOKMARK [2][-]{subsection.2.5.6}{\376\377\000\040\040\024\000\040\000W\000i\000s\000d\000o\000m\000\040\000P\000o\000e\000t\000r\000y}{section.2.5}% 36
\BOOKMARK [2][-]{subsection.2.5.7}{\376\377\000\040\040\024\000\040\000A\000s\000c\000e\000t\000i\000c\000i\000s\000m}{section.2.5}% 37
\BOOKMARK [2][-]{subsection.2.5.8}{\376\377\000\040\040\024\000\040\000W\000i\000n\000e\000\040\000P\000o\000e\000t\000r\000y}{section.2.5}% 38
\BOOKMARK [2][-]{subsection.2.5.9}{\376\377\000\040\040\024\000\040\000S\000u\000f\000i\000/\000M\000y\000s\000t\000i\000c\000a\000l\000\040\000P\000o\000e\000t\000r\000y}{section.2.5}% 39
\BOOKMARK [1][-]{section.2.6}{\376\377\000I\000n\000t\000e\000r\000t\000e\000x\000t\000u\000a\000l\000\040\000C\000o\000m\000p\000o\000s\000i\000t\000i\000o\000n\000a\000l\000\040\000F\000o\000r\000m\000s\000\040\000\050\000\051}{chapter.2}% 40
\BOOKMARK [2][-]{subsection.2.6.1}{\376\377\000\040\040\024\000\040\000R\000e\000s\000p\000o\000n\000s\000e\000/\000C\000o\000u\000n\000t\000e\000r\000-\000P\000o\000e\000m}{section.2.6}% 41
\BOOKMARK [2][-]{subsection.2.6.2}{\376\377\000\040\040\024\000\040\000P\000o\000e\000t\000i\000c\000\040\000C\000o\000m\000p\000e\000t\000i\000t\000i\000o\000n}{section.2.6}% 42
\BOOKMARK [2][-]{subsection.2.6.3}{\376\377\000\040\040\024\000\040\000I\000n\000t\000e\000r\000t\000e\000x\000t\000u\000a\000l\000\040\000B\000o\000r\000r\000o\000w\000i\000n\000g}{section.2.6}% 43
\BOOKMARK [2][-]{subsection.2.6.4}{\376\377\000\040\040\024\000\040\000H\000e\000m\000i\000s\000t\000i\000c\000h\000a\000l\000\040\000S\000p\000l\000i\000t\000t\000i\000n\000g}{section.2.6}% 44
\BOOKMARK [2][-]{subsection.2.6.5}{\376\377\000\040\040\024\000\040\000Q\000u\000i\000n\000t\000u\000p\000l\000e\000\040\000F\000o\000r\000m}{section.2.6}% 45
\BOOKMARK [2][-]{subsection.2.6.6}{\376\377\000\040\040\024\000\040\000C\000o\000m\000p\000l\000e\000t\000i\000n\000g\000\040\000a\000n\000\040\000U\000n\000f\000i\000n\000i\000s\000h\000e\000d\000\040\000P\000o\000e\000m}{section.2.6}% 46
\BOOKMARK [2][-]{subsection.2.6.7}{\376\377\000\040\040\024\000\040\000P\000o\000e\000t\000i\000c\000\040\000V\000i\000s\000u\000a\000l\000i\000z\000a\000t\000i\000o\000n}{section.2.6}% 47
\BOOKMARK [2][-]{subsection.2.6.8}{\376\377\000\040\040\024\000\040\000O\000c\000c\000a\000s\000i\000o\000n\000a\000l\000\040\000P\000o\000e\000t\000r\000y}{section.2.6}% 48
\BOOKMARK [0][-]{chapter.3}{\376\377\000D\000i\000a\000l\000e\000c\000t\000a\000l\000\040\000a\000n\000d\000\040\000N\000a\000b\000a\000t\000i\000\040\000P\000o\000e\000t\000r\000y}{}% 49
\BOOKMARK [1][-]{section.3.1}{\376\377\000O\000r\000i\000g\000i\000n\000s\000\040\000a\000n\000d\000\040\000H\000i\000s\000t\000o\000r\000i\000c\000a\000l\000\040\000D\000e\000v\000e\000l\000o\000p\000m\000e\000n\000t}{chapter.3}% 50
\BOOKMARK [2][-]{subsection.3.1.1}{\376\377\000R\000e\000l\000a\000t\000i\000o\000n\000s\000h\000i\000p\000\040\000t\000o\000\040\000K\000h\000a\000l\000i\000l\000i\000a\000n\000\040\000P\000r\000o\000s\000o\000d\000y}{section.3.1}% 51
\BOOKMARK [1][-]{section.3.2}{\376\377\000T\000h\000e\000\040\000N\000a\000b\000a\000t\000i\000\040\000P\000r\000o\000s\000o\000d\000i\000c\000\040\000S\000y\000s\000t\000e\000m}{chapter.3}% 52
\BOOKMARK [2][-]{subsection.3.2.1}{\376\377\000P\000r\000i\000m\000a\000r\000y\000\040\000N\000a\000b\000a\000t\000i\000\040\000M\000e\000t\000e\000r\000s\000\040\000\050\000\051}{section.3.2}% 53
\BOOKMARK [2][-]{subsection.3.2.2}{\376\377\000I\000n\000n\000o\000v\000a\000t\000e\000d\000\040\000N\000a\000b\000a\000t\000i\000\040\000M\000e\000t\000e\000r\000s\000\040\000\050\000\051}{section.3.2}% 54
\BOOKMARK [1][-]{section.3.3}{\376\377\000T\000h\000e\000\040\000D\000u\000a\000l\000-\000R\000h\000y\000m\000e\000\040\000S\000y\000s\000t\000e\000m\000\040\000\050\000\051}{chapter.3}% 55
\BOOKMARK [1][-]{section.3.4}{\376\377\000T\000h\000e\000\040\000H\000i\000l\000a\000l\000i\000\040\000a\000n\000d\000\040\000M\000a\000s\000h\000h\000u\000b\000\040\000M\000e\000t\000e\000r\000s\000\040\000i\000n\000\040\000D\000e\000t\000a\000i\000l}{chapter.3}% 56
\BOOKMARK [2][-]{subsection.3.4.1}{\376\377\000A\000l\000-\000H\000i\000l\000a\000l\000i\000\040\000\050\000\051}{section.3.4}% 57
\BOOKMARK [2][-]{subsection.3.4.2}{\376\377\000A\000l\000-\000M\000a\000s\000h\000h\000u\000b\000\040\000\050\000\051}{section.3.4}% 58
\BOOKMARK [1][-]{section.3.5}{\376\377\000N\000a\000b\000a\000t\000i\000\040\000P\000o\000e\000t\000i\000c\000\040\000P\000u\000r\000p\000o\000s\000e\000s\000\040\000\050\000\051}{chapter.3}% 59
\BOOKMARK [1][-]{section.3.6}{\376\377\000R\000e\000g\000i\000o\000n\000a\000l\000\040\000V\000a\000r\000i\000e\000t\000i\000e\000s\000\040\000o\000f\000\040\000D\000i\000a\000l\000e\000c\000t\000a\000l\000\040\000P\000o\000e\000t\000r\000y}{chapter.3}% 60
\BOOKMARK [2][-]{subsection.3.6.1}{\376\377\000N\000a\000j\000d\000i\000\040\000P\000o\000e\000t\000r\000y\000\040\000\050\000\051}{section.3.6}% 61
\BOOKMARK [2][-]{subsection.3.6.2}{\376\377\000H\000i\000j\000a\000z\000i\000\040\000P\000o\000e\000t\000r\000y\000\040\000\050\000\051}{section.3.6}% 62
\BOOKMARK [2][-]{subsection.3.6.3}{\376\377\000G\000u\000l\000f\000\040\000P\000o\000e\000t\000r\000y\000\040\000\050\000\051}{section.3.6}% 63
\BOOKMARK [1][-]{section.3.7}{\376\377\000F\000a\000m\000o\000u\000s\000\040\000N\000a\000b\000a\000t\000i\000\040\000P\000o\000e\000t\000s}{chapter.3}% 64
\BOOKMARK [1][-]{section.3.8}{\376\377\000A\000I\000\040\000I\000m\000p\000l\000e\000m\000e\000n\000t\000a\000t\000i\000o\000n\000\040\000N\000o\000t\000e\000s\000\040\000f\000o\000r\000\040\000N\000a\000b\000a\000t\000i\000\040\000P\000o\000e\000t\000r\000y}{chapter.3}% 65
\BOOKMARK [0][-]{chapter.4}{\376\377\000P\000e\000r\000f\000o\000r\000m\000a\000n\000c\000e\000\040\000P\000o\000e\000t\000r\000y\000\040\000F\000o\000r\000m\000s}{}% 66
\BOOKMARK [1][-]{section.4.1}{\376\377\000\040\040\024\000\040\000I\000m\000p\000r\000o\000v\000i\000s\000e\000d\000\040\000P\000o\000e\000t\000i\000c\000\040\000D\000u\000e\000l\000i\000n\000g}{chapter.4}% 67
\BOOKMARK [2][-]{subsection.4.1.1}{\376\377\000D\000e\000f\000i\000n\000i\000t\000i\000o\000n\000\040\000a\000n\000d\000\040\000R\000e\000g\000i\000o\000n\000a\000l\000\040\000N\000a\000m\000e\000s}{section.4.1}% 68
\BOOKMARK [2][-]{subsection.4.1.2}{\376\377\000T\000h\000e\000\040\000C\000o\000r\000e\000\040\000M\000e\000c\000h\000a\000n\000i\000c\000s}{section.4.1}% 69
\BOOKMARK [2][-]{subsection.4.1.3}{\376\377\000T\000h\000e\000\040\000T\000a\000r\000i\000q\000\040\000S\000y\000s\000t\000e\000m\000\040\000\050\000\051}{section.4.1}% 70
\BOOKMARK [2][-]{subsection.4.1.4}{\376\377\000T\000h\000e\000\040\000O\000p\000e\000n\000i\000n\000g\000\040\000a\000n\000d\000\040\000R\000e\000s\000p\000o\000n\000s\000e\000\040\000S\000t\000r\000u\000c\000t\000u\000r\000e}{section.4.1}% 71
\BOOKMARK [2][-]{subsection.4.1.5}{\376\377\000E\000v\000a\000l\000u\000a\000t\000i\000o\000n\000\040\000C\000r\000i\000t\000e\000r\000i\000a}{section.4.1}% 72
\BOOKMARK [2][-]{subsection.4.1.6}{\376\377\000T\000y\000p\000e\000s\000\040\000o\000f\000\040}{section.4.1}% 73
\BOOKMARK [1][-]{section.4.2}{\376\377\000\040\040\024\000\040\000T\000h\000e\000\040\000S\000o\000u\000t\000h\000e\000r\000n\000\040\000A\000r\000d\000a\000h}{chapter.4}% 74
\BOOKMARK [2][-]{subsection.4.2.1}{\376\377\000D\000e\000f\000i\000n\000i\000t\000i\000o\000n\000\040\000a\000n\000d\000\040\000O\000r\000i\000g\000i\000n\000s}{section.4.2}% 75
\BOOKMARK [2][-]{subsection.4.2.2}{\376\377\000T\000h\000e\000\040\000P\000e\000r\000f\000o\000r\000m\000a\000n\000c\000e\000\040\000S\000t\000r\000u\000c\000t\000u\000r\000e}{section.4.2}% 76
\BOOKMARK [2][-]{subsection.4.2.3}{\376\377\000P\000o\000e\000t\000i\000c\000\040\000C\000h\000a\000r\000a\000c\000t\000e\000r\000i\000s\000t\000i\000c\000s\000\040\000o\000f\000\040\000t\000h\000e\000\040\000A\000r\000d\000a\000h}{section.4.2}% 77
\BOOKMARK [2][-]{subsection.4.2.4}{\376\377\000H\000i\000s\000t\000o\000r\000i\000c\000a\000l\000\040\000F\000o\000r\000m\000s\000\040\000o\000f\000\040\000t\000h\000e\000\040\000A\000r\000d\000a\000h}{section.4.2}% 78
\BOOKMARK [1][-]{section.4.3}{\376\377\000\040\040\024\000\040\000T\000h\000e\000\040\000S\000a\000m\000r\000i\000\040\000T\000r\000a\000d\000i\000t\000i\000o\000n}{chapter.4}% 79
\BOOKMARK [2][-]{subsection.4.3.1}{\376\377\000D\000e\000f\000i\000n\000i\000t\000i\000o\000n\000\040\000a\000n\000d\000\040\000O\000r\000i\000g\000i\000n\000s}{section.4.3}% 80
\BOOKMARK [2][-]{subsection.4.3.2}{\376\377\000T\000h\000e\000\040\000P\000e\000r\000f\000o\000r\000m\000a\000n\000c\000e\000\040\000S\000t\000r\000u\000c\000t\000u\000r\000e}{section.4.3}% 81
\BOOKMARK [2][-]{subsection.4.3.3}{\376\377\000P\000o\000e\000t\000i\000c\000\040\000C\000o\000n\000t\000e\000n\000t}{section.4.3}% 82
\BOOKMARK [2][-]{subsection.4.3.4}{\376\377\000I\000n\000s\000t\000r\000u\000m\000e\000n\000t\000s}{section.4.3}% 83
\BOOKMARK [2][-]{subsection.4.3.5}{\376\377\000R\000e\000g\000i\000o\000n\000a\000l\000\040\000S\000a\000m\000r\000i\000\040\000S\000t\000y\000l\000e\000s}{section.4.3}% 84
\BOOKMARK [1][-]{section.4.4}{\376\377\000\040\040\024\000\040\000T\000h\000e\000\040\000Z\000a\000j\000a\000l}{chapter.4}% 85
\BOOKMARK [2][-]{subsection.4.4.1}{\376\377\000D\000e\000f\000i\000n\000i\000t\000i\000o\000n\000\040\000a\000n\000d\000\040\000O\000r\000i\000g\000i\000n\000s}{section.4.4}% 86
\BOOKMARK [2][-]{subsection.4.4.2}{\376\377\000S\000t\000r\000u\000c\000t\000u\000r\000a\000l\000\040\000C\000h\000a\000r\000a\000c\000t\000e\000r\000i\000s\000t\000i\000c\000s}{section.4.4}% 87
\BOOKMARK [2][-]{subsection.4.4.3}{\376\377\000L\000e\000b\000a\000n\000e\000s\000e\000\040\000Z\000a\000j\000a\000l\000\040\000F\000o\000r\000m\000s}{section.4.4}% 88
\BOOKMARK [2][-]{subsection.4.4.4}{\376\377\000T\000h\000e\000\040\000Z\000a\000j\000a\000l\000\040\000D\000u\000e\000l\000i\000n\000g\000\040\000F\000o\000r\000m\000a\000t}{section.4.4}% 89
\BOOKMARK [2][-]{subsection.4.4.5}{\376\377\000M\000e\000t\000r\000i\000c\000a\000l\000\040\000S\000y\000s\000t\000e\000m}{section.4.4}% 90
\BOOKMARK [1][-]{section.4.5}{\376\377\000O\000t\000h\000e\000r\000\040\000P\000e\000r\000f\000o\000r\000m\000a\000n\000c\000e\000\040\000F\000o\000r\000m\000s}{chapter.4}% 91
\BOOKMARK [2][-]{subsection.4.5.1}{\376\377\000\040\040\024\000\040\000T\000h\000e\000\040\000C\000a\000m\000e\000l\000-\000D\000r\000i\000v\000e\000r\000'\000s\000\040\000C\000a\000l\000l}{section.4.5}% 92
\BOOKMARK [2][-]{subsection.4.5.2}{\376\377\000\040\040\024\000\040\000T\000h\000e\000\040\000M\000a\000w\000w\000a\000l}{section.4.5}% 93
\BOOKMARK [0][-]{chapter.5}{\376\377\000M\000o\000d\000e\000r\000n\000\040\000A\000r\000a\000b\000i\000c\000\040\000P\000o\000e\000t\000r\000y\000\040\000F\000o\000r\000m\000s}{}% 94
\BOOKMARK [1][-]{section.5.1}{\376\377\000\040\040\024\000\040\000M\000e\000t\000r\000i\000c\000a\000l\000\040\000F\000r\000e\000e\000\040\000V\000e\000r\000s\000e}{chapter.5}% 95
\BOOKMARK [2][-]{subsection.5.1.1}{\376\377\000H\000i\000s\000t\000o\000r\000i\000c\000a\000l\000\040\000O\000r\000i\000g\000i\000n\000s}{section.5.1}% 96
\BOOKMARK [2][-]{subsection.5.1.2}{\376\377\000S\000t\000r\000u\000c\000t\000u\000r\000a\000l\000\040\000R\000u\000l\000e\000s}{section.5.1}% 97
\BOOKMARK [2][-]{subsection.5.1.3}{\376\377\000M\000e\000t\000e\000r\000\040\000S\000e\000l\000e\000c\000t\000i\000o\000n\000\040\000i\000n\000\040}{section.5.1}% 98
\BOOKMARK [2][-]{subsection.5.1.4}{\376\377\000A\000l\000-\000S\000a\000y\000y\000a\000b\000'\000s\000\040\000`\000`\000R\000a\000i\000n\000\040\000S\000o\000n\000g\000'\000'\000\040\040\024\000\040\000A\000\040\000R\000e\000f\000e\000r\000e\000n\000c\000e\000\040\000E\000x\000a\000m\000p\000l\000e}{section.5.1}% 99
\BOOKMARK [2][-]{subsection.5.1.5}{\376\377\000E\000v\000a\000l\000u\000a\000t\000i\000o\000n\000\040\000C\000r\000i\000t\000e\000r\000i\000a\000\040\000f\000o\000r\000\040}{section.5.1}% 100
\BOOKMARK [1][-]{section.5.2}{\376\377\000\040\040\024\000\040\000T\000h\000e\000\040\000P\000r\000o\000s\000e\000\040\000P\000o\000e\000m}{chapter.5}% 101
\BOOKMARK [2][-]{subsection.5.2.1}{\376\377\000H\000i\000s\000t\000o\000r\000i\000c\000a\000l\000\040\000O\000r\000i\000g\000i\000n\000s\000\040\000a\000n\000d\000\040\000T\000h\000e\000o\000r\000e\000t\000i\000c\000a\000l\000\040\000G\000r\000o\000u\000n\000d\000i\000n\000g}{section.5.2}% 102
\BOOKMARK [2][-]{subsection.5.2.2}{\376\377\000D\000e\000f\000i\000n\000i\000n\000g\000\040\000C\000h\000a\000r\000a\000c\000t\000e\000r\000i\000s\000t\000i\000c\000s}{section.5.2}% 103
\BOOKMARK [2][-]{subsection.5.2.3}{\376\377\000E\000v\000a\000l\000u\000a\000t\000i\000o\000n\000\040\000C\000r\000i\000t\000e\000r\000i\000a\000\040\000f\000o\000r\000\040}{section.5.2}% 104
\BOOKMARK [1][-]{section.5.3}{\376\377\000M\000i\000x\000i\000n\000g\000\040\000T\000r\000a\000d\000i\000t\000i\000o\000n\000s\000\040\000\050\000\051}{chapter.5}% 105
\BOOKMARK [0][-]{appendix.A}{\376\377\000C\000o\000m\000p\000l\000e\000t\000e\000\040\000M\000e\000t\000e\000r\000\040\000R\000e\000f\000e\000r\000e\000n\000c\000e}{}% 106
\BOOKMARK [1][-]{section.A.1}{\376\377\000A\000l\000l\000\040\000S\000i\000x\000t\000e\000e\000n\000\040\000K\000h\000a\000l\000i\000l\000i\000a\000n\000\040\000M\000e\000t\000e\000r\000s\000\040\040\024\000\040\000Q\000u\000i\000c\000k\000\040\000R\000e\000f\000e\000r\000e\000n\000c\000e}{appendix.A}% 107
\BOOKMARK [1][-]{section.A.2}{\376\377\000Z\000e\000h\000a\000f\000\040\000R\000e\000f\000e\000r\000e\000n\000c\000e}{appendix.A}% 108
\BOOKMARK [1][-]{section.A.3}{\376\377\000N\000a\000b\000a\000t\000i\000\040\000M\000e\000t\000e\000r\000s\000\040\000Q\000u\000i\000c\000k\000\040\000R\000e\000f\000e\000r\000e\000n\000c\000e}{appendix.A}% 109
\BOOKMARK [0][-]{appendix.B}{\376\377\000G\000l\000o\000s\000s\000a\000r\000y\000\040\000o\000f\000\040\000A\000r\000a\000b\000i\000c\000\040\000P\000o\000e\000t\000r\000y\000\040\000T\000e\000r\000m\000s}{}% 110
